
> rest-express@1.0.0 test
> tsx --test server/src/**/__tests__/**/*.test.ts server/src/application/services

TAP version 13
# Subtest: server\\src\\application\\services
ok 1 - server\\src\\application\\services
  ---
  duration_ms: 824.9315
  ...
# Payment Delta: 486.65999999999985
# Subtest: ImpactCalculator
    # Subtest: calculates payment increase for VRM-Adjustable
    ok 1 - calculates payment increase for VRM-Adjustable
      ---
      duration_ms: 2.372
      ...
    # Subtest: calculates trigger risk for VRM-Fixed
    ok 2 - calculates trigger risk for VRM-Fixed
      ---
      duration_ms: 0.5324
      ...
    1..2
ok 2 - ImpactCalculator
  ---
  duration_ms: 4.0941
  type: 'suite'
  ...
# Subtest: MortgagePaymentService - Payment Date Validation
    # Subtest: rejects payment date in the future
    ok 1 - rejects payment date in the future
      ---
      duration_ms: 1.8646
      ...
    # Subtest: rejects payment date before mortgage start date
    ok 2 - rejects payment date before mortgage start date
      ---
      duration_ms: 0.3355
      ...
    # Subtest: rejects payment date before term start date
    ok 3 - rejects payment date before term start date
      ---
      duration_ms: 0.4493
      ...
    # Subtest: rejects payment date after term end date
    ok 4 - rejects payment date after term end date
      ---
      duration_ms: 0.3409
      ...
    # Subtest: allows payment date within term period
    ok 5 - allows payment date within term period
      ---
      duration_ms: 1.5077
      ...
    # Subtest: validates payment dates in bulk creation
    ok 6 - validates payment dates in bulk creation
      ---
      duration_ms: 0.7227
      ...
    1..6
ok 3 - MortgagePaymentService - Payment Date Validation
  ---
  duration_ms: 6.6504
  type: 'suite'
  ...
# Subtest: MortgageTermService - Term Date Validation
    # Subtest: allows valid 3-year term
    ok 1 - allows valid 3-year term
      ---
      duration_ms: 1.3573
      ...
    # Subtest: allows valid 5-year term
    ok 2 - allows valid 5-year term
      ---
      duration_ms: 0.3081
      ...
    # Subtest: rejects term shorter than 2.5 years
    ok 3 - rejects term shorter than 2.5 years
      ---
      duration_ms: 0.316
      ...
    # Subtest: rejects term longer than 6 years
    ok 4 - rejects term longer than 6 years
      ---
      duration_ms: 0.2817
      ...
    # Subtest: rejects term where end date is before start date
    ok 5 - rejects term where end date is before start date
      ---
      duration_ms: 0.4721
      ...
    # Subtest: rejects term where end date equals start date
    ok 6 - rejects term where end date equals start date
      ---
      duration_ms: 0.1994
      ...
    # Subtest: validates term length on update
    ok 7 - validates term length on update
      ---
      duration_ms: 0.4475
      ...
    # Subtest: allows updating to valid term length
    ok 8 - allows updating to valid term length
      ---
      duration_ms: 0.3586
      ...
    1..8
ok 4 - MortgageTermService - Term Date Validation
  ---
  duration_ms: 4.9575
  type: 'suite'
  ...
# Subtest: MortgageTermService - Payment Frequency Change
    # Subtest: changes frequency from monthly to biweekly and recalculates payment
    ok 1 - changes frequency from monthly to biweekly and recalculates payment
      ---
      duration_ms: 1.6708
      ...
    # Subtest: changes frequency from monthly to accelerated-biweekly
    ok 2 - changes frequency from monthly to accelerated-biweekly
      ---
      duration_ms: 0.3679
      ...
    # Subtest: changes frequency from biweekly to monthly
    ok 3 - changes frequency from biweekly to monthly
      ---
      duration_ms: 0.4427
      ...
    # Subtest: uses remaining amortization from latest payment if available
    ok 4 - uses remaining amortization from latest payment if available
      ---
      duration_ms: 0.3335
      ...
    # Subtest: uses mortgage current balance when no payments exist
    ok 5 - uses mortgage current balance when no payments exist
      ---
      duration_ms: 0.5586
      ...
    # Subtest: handles variable rate mortgages
    ok 6 - handles variable rate mortgages
      ---
      duration_ms: 0.3792
      ...
    # Subtest: returns undefined for non-existent term
    ok 7 - returns undefined for non-existent term
      ---
      duration_ms: 0.1569
      ...
    # Subtest: returns undefined for unauthorized user
    ok 8 - returns undefined for unauthorized user
      ---
      duration_ms: 0.3103
      ...
    1..8
ok 5 - MortgageTermService - Payment Frequency Change
  ---
  duration_ms: 5.3976
  type: 'suite'
  ...
# Subtest: MortgageTermService - VRM Payment Recalculation
    # Subtest: rejects recalculation for fixed rate mortgages
    ok 1 - rejects recalculation for fixed rate mortgages
      ---
      duration_ms: 1.2339
      ...
    # Subtest: recalculates payment for VRM-Changing when prime rate changes
    ok 2 - recalculates payment for VRM-Changing when prime rate changes
      ---
      duration_ms: 0.5934
      ...
    # Subtest: checks trigger rate for VRM-Fixed when prime rate changes
    ok 3 - checks trigger rate for VRM-Fixed when prime rate changes
      ---
      duration_ms: 0.5006
      ...
    # Subtest: uses forced prime rate when provided
    ok 4 - uses forced prime rate when provided
      ---
      duration_ms: 0.3589
      ...
    # Subtest: handles prime rate fetch failure gracefully
    ok 5 - handles prime rate fetch failure gracefully
      ---
      duration_ms: 0.5617
      ...
    1..5
ok 6 - MortgageTermService - VRM Payment Recalculation
  ---
  duration_ms: 4.4414
  type: 'suite'
  ...
# Subtest: MortgageTermService - Term Overlap Validation
    # Subtest: allows non-overlapping terms
    ok 1 - allows non-overlapping terms
      ---
      duration_ms: 1.7292
      ...
    # Subtest: rejects overlapping terms
    ok 2 - rejects overlapping terms
      ---
      duration_ms: 0.4461
      ...
    # Subtest: rejects terms that start before previous term ends
    ok 3 - rejects terms that start before previous term ends
      ---
      duration_ms: 0.3567
      ...
    # Subtest: allows updating term to non-overlapping dates
    ok 4 - allows updating term to non-overlapping dates
      ---
      duration_ms: 0.7034
      ...
    # Subtest: rejects updating term to overlapping dates
    ok 5 - rejects updating term to overlapping dates
      ---
      duration_ms: 2.7949
      ...
    1..5
ok 7 - MortgageTermService - Term Overlap Validation
  ---
  duration_ms: 7.7868
  type: 'suite'
  ...
# Subtest: Prepayment Limit - Calendar Year Reset
    # Subtest: Year Boundary - December 31 to January 1
        # Subtest: allows prepayment on Dec 31 and Jan 1 in same limit calculation
        not ok 1 - allows prepayment on Dec 31 and Jan 1 in same limit calculation
          ---
          duration_ms: 0.753
          location: 'C:\\Users\\MasroorHussainSyed\\projectX\\HW\\HomeWealth\\server\\src\\application\\services\\__tests__\\prepayment-limit-year-boundary.test.ts:1:4256'
          failureType: 'hookFailed'
          error: 'require is not defined'
          code: 'ERR_TEST_FAILURE'
          name: 'ReferenceError'
          stack: |-
            TestContext.<anonymous> (C:\Users\MasroorHussainSyed\projectX\HW\HomeWealth\server\src\application\services\__tests__\prepayment-limit-year-boundary.test.ts:183:24)
            TestHook.runInAsyncScope (node:async_hooks:211:14)
            TestHook.run (node:internal/test_runner/test:934:25)
            TestHook.run (node:internal/test_runner/test:1225:18)
            node:internal/test_runner/test:853:20
            async Suite.runHook (node:internal/test_runner/test:851:7)
            async Test.run (node:internal/test_runner/test:910:9)
            async Promise.all (index 0)
            async Suite.run (node:internal/test_runner/test:1320:7)
            async Promise.all (index 0)
          ...
        # Subtest: enforces limit separately for each calendar year
        not ok 2 - enforces limit separately for each calendar year
          ---
          duration_ms: 0.1334
          location: 'C:\\Users\\MasroorHussainSyed\\projectX\\HW\\HomeWealth\\server\\src\\application\\services\\__tests__\\prepayment-limit-year-boundary.test.ts:1:5140'
          failureType: 'hookFailed'
          error: 'require is not defined'
          code: 'ERR_TEST_FAILURE'
          name: 'ReferenceError'
          stack: |-
            TestContext.<anonymous> (C:\Users\MasroorHussainSyed\projectX\HW\HomeWealth\server\src\application\services\__tests__\prepayment-limit-year-boundary.test.ts:183:24)
            TestHook.runInAsyncScope (node:async_hooks:211:14)
            TestHook.run (node:internal/test_runner/test:934:25)
            TestHook.run (node:internal/test_runner/test:1225:18)
            node:internal/test_runner/test:853:20
            async Suite.runHook (node:internal/test_runner/test:851:7)
            async Test.run (node:internal/test_runner/test:910:9)
            async Suite.processPendingSubtests (node:internal/test_runner/test:633:7)
          ...
        # Subtest: rejects prepayment that exceeds limit when crossing year boundary
        not ok 3 - rejects prepayment that exceeds limit when crossing year boundary
          ---
          duration_ms: 0.1538
          location: 'C:\\Users\\MasroorHussainSyed\\projectX\\HW\\HomeWealth\\server\\src\\application\\services\\__tests__\\prepayment-limit-year-boundary.test.ts:1:6013'
          failureType: 'hookFailed'
          error: 'require is not defined'
          code: 'ERR_TEST_FAILURE'
          name: 'ReferenceError'
          stack: |-
            TestContext.<anonymous> (C:\Users\MasroorHussainSyed\projectX\HW\HomeWealth\server\src\application\services\__tests__\prepayment-limit-year-boundary.test.ts:183:24)
            TestHook.runInAsyncScope (node:async_hooks:211:14)
            TestHook.run (node:internal/test_runner/test:934:25)
            TestHook.run (node:internal/test_runner/test:1225:18)
            node:internal/test_runner/test:853:20
            async Suite.runHook (node:internal/test_runner/test:851:7)
            async Test.run (node:internal/test_runner/test:910:9)
            async Suite.processPendingSubtests (node:internal/test_runner/test:633:7)
          ...
        1..3
    not ok 1 - Year Boundary - December 31 to January 1
      ---
      duration_ms: 1.698
      type: 'suite'
      location: 'C:\\Users\\MasroorHussainSyed\\projectX\\HW\\HomeWealth\\server\\src\\application\\services\\__tests__\\prepayment-limit-year-boundary.test.ts:1:4199'
      failureType: 'subtestsFailed'
      error: '3 subtests failed'
      code: 'ERR_TEST_FAILURE'
      stack: |-
        async Promise.all (index 0)
      ...
    # Subtest: Year Boundary - Bulk Payments
        # Subtest: correctly tracks year-to-date for bulk payments spanning year boundary
        not ok 1 - correctly tracks year-to-date for bulk payments spanning year boundary
          ---
          duration_ms: 0.2178
          location: 'C:\\Users\\MasroorHussainSyed\\projectX\\HW\\HomeWealth\\server\\src\\application\\services\\__tests__\\prepayment-limit-year-boundary.test.ts:1:6833'
          failureType: 'hookFailed'
          error: 'require is not defined'
          code: 'ERR_TEST_FAILURE'
          name: 'ReferenceError'
          stack: |-
            TestContext.<anonymous> (C:\Users\MasroorHussainSyed\projectX\HW\HomeWealth\server\src\application\services\__tests__\prepayment-limit-year-boundary.test.ts:183:24)
            TestHook.runInAsyncScope (node:async_hooks:211:14)
            TestHook.run (node:internal/test_runner/test:934:25)
            TestHook.run (node:internal/test_runner/test:1225:18)
            node:internal/test_runner/test:853:20
            async Suite.runHook (node:internal/test_runner/test:851:7)
            async Test.run (node:internal/test_runner/test:910:9)
            async Promise.all (index 0)
            async Suite.run (node:internal/test_runner/test:1320:7)
            async Suite.processPendingSubtests (node:internal/test_runner/test:633:7)
          ...
        # Subtest: enforces limit per year in bulk payments spanning year boundary
        not ok 2 - enforces limit per year in bulk payments spanning year boundary
          ---
          duration_ms: 0.2692
          location: 'C:\\Users\\MasroorHussainSyed\\projectX\\HW\\HomeWealth\\server\\src\\application\\services\\__tests__\\prepayment-limit-year-boundary.test.ts:1:7805'
          failureType: 'hookFailed'
          error: 'require is not defined'
          code: 'ERR_TEST_FAILURE'
          name: 'ReferenceError'
          stack: |-
            TestContext.<anonymous> (C:\Users\MasroorHussainSyed\projectX\HW\HomeWealth\server\src\application\services\__tests__\prepayment-limit-year-boundary.test.ts:183:24)
            TestHook.runInAsyncScope (node:async_hooks:211:14)
            TestHook.run (node:internal/test_runner/test:934:25)
            TestHook.run (node:internal/test_runner/test:1225:18)
            node:internal/test_runner/test:853:20
            async Suite.runHook (node:internal/test_runner/test:851:7)
            async Test.run (node:internal/test_runner/test:910:9)
            async Suite.processPendingSubtests (node:internal/test_runner/test:633:7)
          ...
        # Subtest: rejects bulk payment that exceeds limit when crossing year boundary
        not ok 3 - rejects bulk payment that exceeds limit when crossing year boundary
          ---
          duration_ms: 0.1624
          location: 'C:\\Users\\MasroorHussainSyed\\projectX\\HW\\HomeWealth\\server\\src\\application\\services\\__tests__\\prepayment-limit-year-boundary.test.ts:1:8643'
          failureType: 'hookFailed'
          error: 'require is not defined'
          code: 'ERR_TEST_FAILURE'
          name: 'ReferenceError'
          stack: |-
            TestContext.<anonymous> (C:\Users\MasroorHussainSyed\projectX\HW\HomeWealth\server\src\application\services\__tests__\prepayment-limit-year-boundary.test.ts:183:24)
            TestHook.runInAsyncScope (node:async_hooks:211:14)
            TestHook.run (node:internal/test_runner/test:934:25)
            TestHook.run (node:internal/test_runner/test:1225:18)
            node:internal/test_runner/test:853:20
            async Suite.runHook (node:internal/test_runner/test:851:7)
            async Test.run (node:internal/test_runner/test:910:9)
            async Suite.processPendingSubtests (node:internal/test_runner/test:633:7)
          ...
        1..3
    not ok 2 - Year Boundary - Bulk Payments
      ---
      duration_ms: 0.8326
      type: 'suite'
      location: 'C:\\Users\\MasroorHussainSyed\\projectX\\HW\\HomeWealth\\server\\src\\application\\services\\__tests__\\prepayment-limit-year-boundary.test.ts:1:6787'
      failureType: 'subtestsFailed'
      error: '3 subtests failed'
      code: 'ERR_TEST_FAILURE'
      ...
    # Subtest: Year Boundary - Multiple Payments Same Day
        # Subtest: tracks multiple prepayments on Dec 31 correctly
        not ok 1 - tracks multiple prepayments on Dec 31 correctly
          ---
          duration_ms: 0.201
          location: 'C:\\Users\\MasroorHussainSyed\\projectX\\HW\\HomeWealth\\server\\src\\application\\services\\__tests__\\prepayment-limit-year-boundary.test.ts:1:9365'
          failureType: 'hookFailed'
          error: 'require is not defined'
          code: 'ERR_TEST_FAILURE'
          name: 'ReferenceError'
          stack: |-
            TestContext.<anonymous> (C:\Users\MasroorHussainSyed\projectX\HW\HomeWealth\server\src\application\services\__tests__\prepayment-limit-year-boundary.test.ts:183:24)
            TestHook.runInAsyncScope (node:async_hooks:211:14)
            TestHook.run (node:internal/test_runner/test:934:25)
            TestHook.run (node:internal/test_runner/test:1225:18)
            node:internal/test_runner/test:853:20
            async Suite.runHook (node:internal/test_runner/test:851:7)
            async Test.run (node:internal/test_runner/test:910:9)
            async Promise.all (index 0)
            async Suite.run (node:internal/test_runner/test:1320:7)
            async Suite.processPendingSubtests (node:internal/test_runner/test:633:7)
          ...
        # Subtest: rejects second prepayment on Dec 31 if it exceeds limit
        not ok 2 - rejects second prepayment on Dec 31 if it exceeds limit
          ---
          duration_ms: 0.1349
          location: 'C:\\Users\\MasroorHussainSyed\\projectX\\HW\\HomeWealth\\server\\src\\application\\services\\__tests__\\prepayment-limit-year-boundary.test.ts:1:10109'
          failureType: 'hookFailed'
          error: 'require is not defined'
          code: 'ERR_TEST_FAILURE'
          name: 'ReferenceError'
          stack: |-
            TestContext.<anonymous> (C:\Users\MasroorHussainSyed\projectX\HW\HomeWealth\server\src\application\services\__tests__\prepayment-limit-year-boundary.test.ts:183:24)
            TestHook.runInAsyncScope (node:async_hooks:211:14)
            TestHook.run (node:internal/test_runner/test:934:25)
            TestHook.run (node:internal/test_runner/test:1225:18)
            node:internal/test_runner/test:853:20
            async Suite.runHook (node:internal/test_runner/test:851:7)
            async Test.run (node:internal/test_runner/test:910:9)
            async Suite.processPendingSubtests (node:internal/test_runner/test:633:7)
          ...
        1..2
    not ok 3 - Year Boundary - Multiple Payments Same Day
      ---
      duration_ms: 0.4659
      type: 'suite'
      location: 'C:\\Users\\MasroorHussainSyed\\projectX\\HW\\HomeWealth\\server\\src\\application\\services\\__tests__\\prepayment-limit-year-boundary.test.ts:1:9306'
      failureType: 'subtestsFailed'
      error: '2 subtests failed'
      code: 'ERR_TEST_FAILURE'
      ...
    # Subtest: Year Boundary - Mid-Year Payments
        # Subtest: tracks prepayments correctly within same year
        not ok 1 - tracks prepayments correctly within same year
          ---
          duration_ms: 0.1434
          location: 'C:\\Users\\MasroorHussainSyed\\projectX\\HW\\HomeWealth\\server\\src\\application\\services\\__tests__\\prepayment-limit-year-boundary.test.ts:1:10816'
          failureType: 'hookFailed'
          error: 'require is not defined'
          code: 'ERR_TEST_FAILURE'
          name: 'ReferenceError'
          stack: |-
            TestContext.<anonymous> (C:\Users\MasroorHussainSyed\projectX\HW\HomeWealth\server\src\application\services\__tests__\prepayment-limit-year-boundary.test.ts:183:24)
            TestHook.runInAsyncScope (node:async_hooks:211:14)
            TestHook.run (node:internal/test_runner/test:934:25)
            TestHook.run (node:internal/test_runner/test:1225:18)
            node:internal/test_runner/test:853:20
            async Suite.runHook (node:internal/test_runner/test:851:7)
            async Test.run (node:internal/test_runner/test:910:9)
            async Promise.all (index 0)
            async Suite.run (node:internal/test_runner/test:1320:7)
            async Suite.processPendingSubtests (node:internal/test_runner/test:633:7)
          ...
        # Subtest: allows prepayments in new year after using full limit previous year
        not ok 2 - allows prepayments in new year after using full limit previous year
          ---
          duration_ms: 0.0992
          location: 'C:\\Users\\MasroorHussainSyed\\projectX\\HW\\HomeWealth\\server\\src\\application\\services\\__tests__\\prepayment-limit-year-boundary.test.ts:1:11847'
          failureType: 'hookFailed'
          error: 'require is not defined'
          code: 'ERR_TEST_FAILURE'
          name: 'ReferenceError'
          stack: |-
            TestContext.<anonymous> (C:\Users\MasroorHussainSyed\projectX\HW\HomeWealth\server\src\application\services\__tests__\prepayment-limit-year-boundary.test.ts:183:24)
            TestHook.runInAsyncScope (node:async_hooks:211:14)
            TestHook.run (node:internal/test_runner/test:934:25)
            TestHook.run (node:internal/test_runner/test:1225:18)
            node:internal/test_runner/test:853:20
            async Suite.runHook (node:internal/test_runner/test:851:7)
            async Test.run (node:internal/test_runner/test:910:9)
            async Suite.processPendingSubtests (node:internal/test_runner/test:633:7)
          ...
        1..2
    not ok 4 - Year Boundary - Mid-Year Payments
      ---
      duration_ms: 0.318
      type: 'suite'
      location: 'C:\\Users\\MasroorHussainSyed\\projectX\\HW\\HomeWealth\\server\\src\\application\\services\\__tests__\\prepayment-limit-year-boundary.test.ts:1:10766'
      failureType: 'subtestsFailed'
      error: '2 subtests failed'
      code: 'ERR_TEST_FAILURE'
      ...
    # Subtest: Year Boundary - Edge Cases
        # Subtest: handles leap year correctly (Feb 29)
        not ok 1 - handles leap year correctly (Feb 29)
          ---
          duration_ms: 0.0962
          location: 'C:\\Users\\MasroorHussainSyed\\projectX\\HW\\HomeWealth\\server\\src\\application\\services\\__tests__\\prepayment-limit-year-boundary.test.ts:1:12679'
          failureType: 'hookFailed'
          error: 'require is not defined'
          code: 'ERR_TEST_FAILURE'
          name: 'ReferenceError'
          stack: |-
            TestContext.<anonymous> (C:\Users\MasroorHussainSyed\projectX\HW\HomeWealth\server\src\application\services\__tests__\prepayment-limit-year-boundary.test.ts:183:24)
            TestHook.runInAsyncScope (node:async_hooks:211:14)
            TestHook.run (node:internal/test_runner/test:934:25)
            TestHook.run (node:internal/test_runner/test:1225:18)
            node:internal/test_runner/test:853:20
            async Suite.runHook (node:internal/test_runner/test:851:7)
            async Test.run (node:internal/test_runner/test:910:9)
            async Promise.all (index 0)
            async Suite.run (node:internal/test_runner/test:1320:7)
            async Suite.processPendingSubtests (node:internal/test_runner/test:633:7)
          ...
        # Subtest: handles year boundary at midnight correctly
        not ok 2 - handles year boundary at midnight correctly
          ---
          duration_ms: 0.0589
          location: 'C:\\Users\\MasroorHussainSyed\\projectX\\HW\\HomeWealth\\server\\src\\application\\services\\__tests__\\prepayment-limit-year-boundary.test.ts:1:13014'
          failureType: 'hookFailed'
          error: 'require is not defined'
          code: 'ERR_TEST_FAILURE'
          name: 'ReferenceError'
          stack: |-
            TestContext.<anonymous> (C:\Users\MasroorHussainSyed\projectX\HW\HomeWealth\server\src\application\services\__tests__\prepayment-limit-year-boundary.test.ts:183:24)
            TestHook.runInAsyncScope (node:async_hooks:211:14)
            TestHook.run (node:internal/test_runner/test:934:25)
            TestHook.run (node:internal/test_runner/test:1225:18)
            node:internal/test_runner/test:853:20
            async Suite.runHook (node:internal/test_runner/test:851:7)
            async Test.run (node:internal/test_runner/test:910:9)
            async Suite.processPendingSubtests (node:internal/test_runner/test:633:7)
          ...
        1..2
    not ok 5 - Year Boundary - Edge Cases
      ---
      duration_ms: 0.2104
      type: 'suite'
      location: 'C:\\Users\\MasroorHussainSyed\\projectX\\HW\\HomeWealth\\server\\src\\application\\services\\__tests__\\prepayment-limit-year-boundary.test.ts:1:12636'
      failureType: 'subtestsFailed'
      error: '2 subtests failed'
      code: 'ERR_TEST_FAILURE'
      ...
    1..5
not ok 8 - Prepayment Limit - Calendar Year Reset
  ---
  duration_ms: 4.1918
  type: 'suite'
  location: 'C:\\Users\\MasroorHussainSyed\\projectX\\HW\\HomeWealth\\server\\src\\application\\services\\__tests__\\prepayment-limit-year-boundary.test.ts:1:2742'
  failureType: 'subtestsFailed'
  error: '5 subtests failed'
  code: 'ERR_TEST_FAILURE'
  ...
# Subtest: PrepaymentService
    # Subtest: calculateSurplus
        # Subtest: should correctly calculate surplus
        ok 1 - should correctly calculate surplus
          ---
          duration_ms: 0.9989
          ...
        # Subtest: should return 0 if expenses exceed income
        ok 2 - should return 0 if expenses exceed income
          ---
          duration_ms: 0.2967
          ...
        1..2
    ok 1 - calculateSurplus
      ---
      duration_ms: 1.9978
      type: 'suite'
      ...
    # Subtest: calculatePrepaymentRoom
        # Subtest: should correctly calculate remaining room
        ok 1 - should correctly calculate remaining room
          ---
          duration_ms: 0.3178
          ...
        1..1
    ok 2 - calculatePrepaymentRoom
      ---
      duration_ms: 0.4222
      type: 'suite'
      ...
    # Subtest: getPrepaymentOpportunity
        # Subtest: should return recommendation to focus on cash flow if no surplus
        ok 1 - should return recommendation to focus on cash flow if no surplus
          ---
          duration_ms: 1.3527
          ...
        # Subtest: should return recommendation to prepay if surplus exists
        ok 2 - should return recommendation to prepay if surplus exists
          ---
          duration_ms: 0.5734
          ...
        1..2
    ok 3 - getPrepaymentOpportunity
      ---
      duration_ms: 2.2788
      type: 'suite'
      ...
    1..3
ok 9 - PrepaymentService
  ---
  duration_ms: 5.4249
  type: 'suite'
  ...
# Subtest: PrimeRateTrackingService
    # Subtest: checkAndUpdatePrimeRate
        # Subtest: detects prime rate change and updates VRM terms
        ok 1 - detects prime rate change and updates VRM terms
          ---
          duration_ms: 2.9319
          ...
        # Subtest: returns unchanged when prime rate is the same
        ok 2 - returns unchanged when prime rate is the same
          ---
          duration_ms: 0.4295
          ...
        # Subtest: records new prime rate in history when changed
        ok 3 - records new prime rate in history when changed
          ---
          duration_ms: 0.3715
          ...
        # Subtest: only updates active VRM terms
        ok 4 - only updates active VRM terms
          ---
          duration_ms: 0.5515
          ...
        # Subtest: handles errors gracefully when updating terms
        ok 5 - handles errors gracefully when updating terms
          ---
          duration_ms: 0.6825
          ...
        1..5
    ok 1 - checkAndUpdatePrimeRate
      ---
      duration_ms: 5.9244
      type: 'suite'
      ...
    # Subtest: getHistory
        # Subtest: returns prime rate history for date range
        ok 1 - returns prime rate history for date range
          ---
          duration_ms: 0.3114
          ...
        1..1
    ok 2 - getHistory
      ---
      duration_ms: 0.5917
      type: 'suite'
      ...
    # Subtest: getLatest
        # Subtest: returns latest prime rate from history
        ok 1 - returns latest prime rate from history
          ---
          duration_ms: 0.4547
          ...
        # Subtest: returns undefined when no history exists
        ok 2 - returns undefined when no history exists
          ---
          duration_ms: 0.204
          ...
        1..2
    ok 3 - getLatest
      ---
      duration_ms: 0.8834
      type: 'suite'
      ...
    1..3
ok 10 - PrimeRateTrackingService
  ---
  duration_ms: 8.0479
  type: 'suite'
  ...
# Subtest: RefinancingService
    # Subtest: should calculate refinance benefit correctly when beneficial
    ok 1 - should calculate refinance benefit correctly when beneficial
      ---
      duration_ms: 2.211
      ...
    # Subtest: should identify when refinancing is NOT beneficial
    ok 2 - should identify when refinancing is NOT beneficial
      ---
      duration_ms: 0.3196
      ...
    1..2
ok 11 - RefinancingService
  ---
  duration_ms: 3.5756
  type: 'suite'
  ...
# Subtest: Renewal Feature
    # Subtest: Penalty Calculations (Domain)
        # Subtest: should calculate 3-month interest correctly
        ok 1 - should calculate 3-month interest correctly
          ---
          duration_ms: 0.7776
          ...
        # Subtest: should calculate IRD correctly when current rate > market rate
        ok 2 - should calculate IRD correctly when current rate > market rate
          ---
          duration_ms: 0.2602
          ...
        # Subtest: should return 0 IRD if market rate >= current rate
        ok 3 - should return 0 IRD if market rate >= current rate
          ---
          duration_ms: 0.131
          ...
        1..3
    ok 1 - Penalty Calculations (Domain)
      ---
      duration_ms: 1.9372
      type: 'suite'
      ...
    # Subtest: RenewalService
        # Subtest: should return 'urgent' status if renewal is within 90 days
        ok 1 - should return 'urgent' status if renewal is within 90 days
          ---
          duration_ms: 1.7804
          ...
        # Subtest: should return 'safe' status if renewal is far away (> 1 year)
        ok 2 - should return 'safe' status if renewal is far away (> 1 year)
          ---
          duration_ms: 0.4718
          ...
        1..2
    ok 2 - RenewalService
      ---
      duration_ms: 2.5945
      type: 'suite'
      ...
    1..2
ok 12 - Renewal Feature
  ---
  duration_ms: 5.0001
  type: 'suite'
  ...
# Subtest: TriggerRateMonitor
    # Subtest: checkOne
        # Subtest: returns null if mortgage not found
        ok 1 - returns null if mortgage not found
          ---
          duration_ms: 1.5399
          ...
        # Subtest: returns null if no active term
        ok 2 - returns null if no active term
          ---
          duration_ms: 1.5327
          ...
        # Subtest: returns null if active term is not VRM (variable-fixed)
        ok 3 - returns null if active term is not VRM (variable-fixed)
          ---
          duration_ms: 0.4575
          ...
        # Subtest: identifies when trigger rate is hit
        ok 4 - identifies when trigger rate is hit
          ---
          duration_ms: 0.6651
          ...
        # Subtest: identifies when approaching trigger rate (risk)
        ok 5 - identifies when approaching trigger rate (risk)
          ---
          duration_ms: 0.6929
          ...
        1..5
    ok 1 - checkOne
      ---
      duration_ms: 5.919
      type: 'suite'
      ...
    # Subtest: checkAll
        # Subtest: checks all mortgages and returns alerts
        ok 1 - checks all mortgages and returns alerts
          ---
          duration_ms: 0.6795
          ...
        1..1
    ok 2 - checkAll
      ---
      duration_ms: 0.9738
      type: 'suite'
      ...
    1..2
ok 13 - TriggerRateMonitor
  ---
  duration_ms: 7.5485
  type: 'suite'
  ...
# 10k iterations took 92.43ms
# Subtest: MonteCarloEngine
    # Subtest: should run a simulation and return results
    ok 1 - should run a simulation and return results
      ---
      duration_ms: 1.8292
      ...
    # Subtest: should reflect higher volatility with wider distribution
    ok 2 - should reflect higher volatility with wider distribution
      ---
      duration_ms: 9.0387
      ...
    # Subtest: should complete 10,000 iterations within reasonable time (Performance Limit)
    ok 3 - should complete 10,000 iterations within reasonable time (Performance Limit)
      ---
      duration_ms: 94.4785
      ...
    1..3
ok 14 - MonteCarloEngine
  ---
  duration_ms: 106.4865
  type: 'suite'
  ...
# Subtest: Prime Rate Scheduler
    # Subtest: starts scheduler when enabled
    ok 1 - starts scheduler when enabled
      ---
      duration_ms: 34.5341
      ...
    # Subtest: does not start scheduler when disabled
    ok 2 - does not start scheduler when disabled
      ---
      duration_ms: 1.356
      ...
    # Subtest: uses custom schedule from environment variable
    ok 3 - uses custom schedule from environment variable
      ---
      duration_ms: 4.7884
      ...
    # Subtest: is disabled by default in development
    ok 4 - is disabled by default in development
      ---
      duration_ms: 0.6055
      ...
    # Subtest: is enabled by default in production
    ok 5 - is enabled by default in production
      ---
      duration_ms: 4.4733
      ...
    1..5
ok 15 - Prime Rate Scheduler
  ---
  duration_ms: 48.1469
  type: 'suite'
  ...
# Subtest: PrimeRateHistoryRepository
    # Subtest: creates a new prime rate history entry
    ok 1 - creates a new prime rate history entry
      ---
      duration_ms: 1.5462
      ...
    # Subtest: finds the latest prime rate from history
    ok 2 - finds the latest prime rate from history
      ---
      duration_ms: 0.4493
      ...
    # Subtest: returns undefined when no history exists
    ok 3 - returns undefined when no history exists
      ---
      duration_ms: 0.2629
      ...
    # Subtest: finds prime rate history within date range
    ok 4 - finds prime rate history within date range
      ---
      duration_ms: 0.5427
      ...
    # Subtest: checks if prime rate exists for a specific date
    ok 5 - checks if prime rate exists for a specific date # SKIP
      ---
      duration_ms: 0.163
      ...
    # Subtest: finds all prime rate history entries
    ok 6 - finds all prime rate history entries # SKIP
      ---
      duration_ms: 0.1826
      ...
    1..6
ok 16 - PrimeRateHistoryRepository
  ---
  duration_ms: 4.0143
  type: 'suite'
  ...
# Subtest: Accelerated Payment Calculation
    # Subtest: Accelerated Biweekly Calculation
        # Subtest: calculates accelerated biweekly as exactly half of monthly payment
        ok 1 - calculates accelerated biweekly as exactly half of monthly payment
          ---
          duration_ms: 0.8814
          ...
        # Subtest: rounds accelerated biweekly to nearest cent
        ok 2 - rounds accelerated biweekly to nearest cent
          ---
          duration_ms: 0.2616
          ...
        # Subtest: produces higher annual payment than monthly
        ok 3 - produces higher annual payment than monthly
          ---
          duration_ms: 0.1515
          ...
        # Subtest: works with different principal amounts
        ok 4 - works with different principal amounts
          ---
          duration_ms: 0.1747
          ...
        1..4
    ok 1 - Accelerated Biweekly Calculation
      ---
      duration_ms: 2.3009
      type: 'suite'
      ...
    # Subtest: Accelerated Weekly Calculation
        # Subtest: calculates accelerated weekly as exactly quarter of monthly payment
        ok 1 - calculates accelerated weekly as exactly quarter of monthly payment
          ---
          duration_ms: 0.2735
          ...
        # Subtest: rounds accelerated weekly to nearest cent
        ok 2 - rounds accelerated weekly to nearest cent
          ---
          duration_ms: 0.2477
          ...
        # Subtest: produces higher annual payment than monthly
        ok 3 - produces higher annual payment than monthly
          ---
          duration_ms: 0.3228
          ...
        # Subtest: works with different principal amounts
        ok 4 - works with different principal amounts
          ---
          duration_ms: 0.5221
          ...
        1..4
    ok 2 - Accelerated Weekly Calculation
      ---
      duration_ms: 1.85
      type: 'suite'
      ...
    # Subtest: Comparison with Standard Frequencies
        # Subtest: accelerated biweekly pays more annually than standard biweekly
        ok 1 - accelerated biweekly pays more annually than standard biweekly
          ---
          duration_ms: 0.2487
          ...
        # Subtest: accelerated weekly pays more annually than standard weekly
        ok 2 - accelerated weekly pays more annually than standard weekly
          ---
          duration_ms: 0.3386
          ...
        1..2
    ok 3 - Comparison with Standard Frequencies
      ---
      duration_ms: 0.7497
      type: 'suite'
      ...
    # Subtest: Real-World Scenarios
        # Subtest: matches typical Canadian lender calculation for $500K mortgage
        ok 1 - matches typical Canadian lender calculation for $500K mortgage
          ---
          duration_ms: 0.1736
          ...
        # Subtest: verifies payoff acceleration benefit
        ok 2 - verifies payoff acceleration benefit
          ---
          duration_ms: 0.121
          ...
        1..2
    ok 4 - Real-World Scenarios
      ---
      duration_ms: 0.4582
      type: 'suite'
      ...
    1..4
ok 17 - Accelerated Payment Calculation
  ---
  duration_ms: 6.0425
  type: 'suite'
  ...
# Subtest: Amortization Calculation with Prepayments
    # Subtest: calculates shorter amortization when prepayments are included
    ok 1 - calculates shorter amortization when prepayments are included
      ---
      duration_ms: 0.9269
      ...
    # Subtest: validateMortgagePayment uses total payment amount for amortization
    ok 2 - validateMortgagePayment uses total payment amount for amortization
      ---
      duration_ms: 0.4275
      ...
    # Subtest: amortization schedule accounts for prepayments in remaining amortization
    ok 3 - amortization schedule accounts for prepayments in remaining amortization
      ---
      duration_ms: 1.7507
      ...
    # Subtest: amortization calculation correctly handles zero prepayments
    ok 4 - amortization calculation correctly handles zero prepayments
      ---
      duration_ms: 0.2252
      ...
    1..4
ok 18 - Amortization Calculation with Prepayments
  ---
  duration_ms: 4.7601
  type: 'suite'
  ...
# Subtest: Blend-and-Extend Calculations
    # Subtest: calculateBlendedRate
        # Subtest: calculates blended rate as weighted average
        ok 1 - calculates blended rate as weighted average
          ---
          duration_ms: 0.7734
          ...
        # Subtest: gives more weight to old rate when more time remains
        ok 2 - gives more weight to old rate when more time remains
          ---
          duration_ms: 0.2631
          ...
        # Subtest: rounds to 3 decimal places
        ok 3 - rounds to 3 decimal places
          ---
          duration_ms: 0.1334
          ...
        # Subtest: handles edge case: no time remaining
        ok 4 - handles edge case: no time remaining
          ---
          duration_ms: 0.1152
          ...
        1..4
    ok 1 - calculateBlendedRate
      ---
      duration_ms: 2.1919
      type: 'suite'
      ...
    # Subtest: calculateExtendedAmortization
        # Subtest: defaults to original amortization if not specified
        ok 1 - defaults to original amortization if not specified
          ---
          duration_ms: 0.3331
          ...
        # Subtest: allows extending beyond original amortization
        ok 2 - allows extending beyond original amortization
          ---
          duration_ms: 0.1608
          ...
        # Subtest: throws error if extended period is less than remaining
        ok 3 - throws error if extended period is less than remaining
          ---
          duration_ms: 0.4557
          ...
        # Subtest: throws error if extended period exceeds 30 years
        ok 4 - throws error if extended period exceeds 30 years
          ---
          duration_ms: 0.362
          ...
        1..4
    ok 2 - calculateExtendedAmortization
      ---
      duration_ms: 1.6223
      type: 'suite'
      ...
    # Subtest: calculateBlendAndExtend
        # Subtest: calculates blend-and-extend with extended amortization
        ok 1 - calculates blend-and-extend with extended amortization
          ---
          duration_ms: 0.4141
          ...
        # Subtest: produces lower payment with extended amortization
        ok 2 - produces lower payment with extended amortization
          ---
          duration_ms: 0.3149
          ...
        # Subtest: calculates interest savings vs market rate
        ok 3 - calculates interest savings vs market rate
          ---
          duration_ms: 0.2044
          ...
        # Subtest: works with different payment frequencies
        ok 4 - works with different payment frequencies
          ---
          duration_ms: 0.1909
          ...
        # Subtest: handles scenario: extending beyond original amortization
        ok 5 - handles scenario: extending beyond original amortization
          ---
          duration_ms: 0.0979
          ...
        1..5
    ok 3 - calculateBlendAndExtend
      ---
      duration_ms: 1.4674
      type: 'suite'
      ...
    # Subtest: Real-World Scenarios
        # Subtest: models typical blend-and-extend renewal
        ok 1 - models typical blend-and-extend renewal
          ---
          duration_ms: 0.1841
          ...
        1..1
    ok 4 - Real-World Scenarios
      ---
      duration_ms: 0.3231
      type: 'suite'
      ...
    1..4
ok 19 - Blend-and-Extend Calculations
  ---
  duration_ms: 6.1652
  type: 'suite'
  ...
# Subtest: Negative Amortization Handling
    # Subtest: balance increases when trigger rate is hit for VRM-Fixed Payment
    ok 1 - balance increases when trigger rate is hit for VRM-Fixed Payment
      ---
      duration_ms: 3.7273
      ...
    # Subtest: principal payment is zero when trigger rate is hit
    ok 2 - principal payment is zero when trigger rate is hit
      ---
      duration_ms: 0.4583
      ...
    # Subtest: prepayments reduce negative amortization when trigger rate is hit
    ok 3 - prepayments reduce negative amortization when trigger rate is hit
      ---
      duration_ms: 0.4121
      ...
    # Subtest: remaining amortization is -1 when trigger rate is hit
    ok 4 - remaining amortization is -1 when trigger rate is hit
      ---
      duration_ms: 0.211
      ...
    1..4
ok 20 - Negative Amortization Handling
  ---
  duration_ms: 6.2514
  type: 'suite'
  ...
# Subtest: Payment Skipping Calculations
    # Subtest: calculateSkippedPayment
        # Subtest: calculates interest accrued during skipped payment
        ok 1 - calculates interest accrued during skipped payment
          ---
          duration_ms: 1.3172
          ...
        # Subtest: increases balance by accrued interest
        ok 2 - increases balance by accrued interest
          ---
          duration_ms: 0.277
          ...
        # Subtest: extends amortization period
        ok 3 - extends amortization period
          ---
          duration_ms: 0.2261
          ...
        # Subtest: works with different payment frequencies
        ok 4 - works with different payment frequencies
          ---
          duration_ms: 0.2094
          ...
        # Subtest: rounds amounts to nearest cent
        ok 5 - rounds amounts to nearest cent
          ---
          duration_ms: 0.1621
          ...
        1..5
    ok 1 - calculateSkippedPayment
      ---
      duration_ms: 3.4876
      type: 'suite'
      ...
    # Subtest: canSkipPayment
        # Subtest: allows skipping if under limit
        ok 1 - allows skipping if under limit
          ---
          duration_ms: 0.281
          ...
        # Subtest: prevents skipping if at limit
        ok 2 - prevents skipping if at limit
          ---
          duration_ms: 0.1407
          ...
        # Subtest: allows custom skip limits
        ok 3 - allows custom skip limits
          ---
          duration_ms: 0.2716
          ...
        1..3
    ok 2 - canSkipPayment
      ---
      duration_ms: 1.2021
      type: 'suite'
      ...
    # Subtest: countSkippedPaymentsInYear
        # Subtest: counts skipped payments in a given year
        ok 1 - counts skipped payments in a given year
          ---
          duration_ms: 1.3342
          ...
        # Subtest: handles boolean isSkipped values
        ok 2 - handles boolean isSkipped values
          ---
          duration_ms: 0.3855
          ...
        # Subtest: defaults to current year if year not specified
        ok 3 - defaults to current year if year not specified
          ---
          duration_ms: 0.2316
          ...
        # Subtest: returns 0 if no skipped payments in year
        ok 4 - returns 0 if no skipped payments in year
          ---
          duration_ms: 0.1134
          ...
        1..4
    ok 3 - countSkippedPaymentsInYear
      ---
      duration_ms: 2.3395
      type: 'suite'
      ...
    # Subtest: calculateTotalSkippedInterest
        # Subtest: calculates total interest from skipped payments
        ok 1 - calculates total interest from skipped payments
          ---
          duration_ms: 0.2671
          ...
        # Subtest: handles numeric values
        ok 2 - handles numeric values
          ---
          duration_ms: 0.141
          ...
        # Subtest: returns 0 if no skipped payments
        ok 3 - returns 0 if no skipped payments
          ---
          duration_ms: 0.0899
          ...
        # Subtest: handles missing or null values
        ok 4 - handles missing or null values
          ---
          duration_ms: 0.096
          ...
        1..4
    ok 4 - calculateTotalSkippedInterest
      ---
      duration_ms: 0.8134
      type: 'suite'
      ...
    # Subtest: Real-World Scenarios
        # Subtest: models typical payment skip scenario
        ok 1 - models typical payment skip scenario
          ---
          duration_ms: 0.2148
          ...
        # Subtest: validates skip limits for calendar year
        ok 2 - validates skip limits for calendar year
          ---
          duration_ms: 0.1164
          ...
        1..2
    ok 5 - Real-World Scenarios
      ---
      duration_ms: 0.4639
      type: 'suite'
      ...
    1..5
ok 21 - Payment Skipping Calculations
  ---
  duration_ms: 9.1377
  type: 'suite'
  ...
# Subtest: validateMortgagePayment
    # Subtest: calculates expected principal/interest split
    ok 1 - calculates expected principal/interest split
      ---
      duration_ms: 1.2995
      ...
    # Subtest: flags trigger rate when payment < interest
    ok 2 - flags trigger rate when payment < interest
      ---
      duration_ms: 0.3511
      ...
    1..2
ok 22 - validateMortgagePayment
  ---
  duration_ms: 2.9487
  type: 'suite'
  ...
# Subtest: Scenario projections prepayment allocation
    # Subtest: applies prepayment percent against surplus, not entire payment
    ok 1 - applies prepayment percent against surplus, not entire payment
      ---
      duration_ms: 5.0073
      ...
    1..1
ok 23 - Scenario projections prepayment allocation
  ---
  duration_ms: 5.9422
  type: 'suite'
  ...
# Subtest: Semi-Monthly Date Alignment
    # Subtest: aligns payments to 1st and 15th of each month
    ok 1 - aligns payments to 1st and 15th of each month
      ---
      duration_ms: 3.7149
      ...
    # Subtest: handles start date on 15th correctly
    ok 2 - handles start date on 15th correctly
      ---
      duration_ms: 0.5214
      ...
    # Subtest: handles start date between 1st and 15th
    ok 3 - handles start date between 1st and 15th
      ---
      duration_ms: 0.2839
      ...
    # Subtest: handles start date after 15th
    ok 4 - handles start date after 15th
      ---
      duration_ms: 0.4172
      ...
    1..4
ok 24 - Semi-Monthly Date Alignment
  ---
  duration_ms: 6.2957
  type: 'suite'
  ...
# Subtest: term helper calculations
    # Subtest: calculates effective rate for fixed terms
    ok 1 - calculates effective rate for fixed terms
      ---
      duration_ms: 0.8722
      ...
    # Subtest: calculates effective rate for variable terms using prime + spread
    ok 2 - calculates effective rate for variable terms using prime + spread
      ---
      duration_ms: 0.2052
      ...
    # Subtest: detects when payment amounts remain fixed
    ok 3 - detects when payment amounts remain fixed
      ---
      duration_ms: 0.3064
      ...
    1..3
ok 25 - term helper calculations
  ---
  duration_ms: 2.8006
  type: 'suite'
  ...
# Subtest: Term Renewal Amortization Reset
    # Subtest: uses original amortization period at term renewal (Canadian convention)
    ok 1 - uses original amortization period at term renewal (Canadian convention)
      ---
      duration_ms: 3.446
      ...
    # Subtest: VRM-Fixed Payment keeps same payment amount at renewal
    ok 2 - VRM-Fixed Payment keeps same payment amount at renewal
      ---
      duration_ms: 1.3048
      ...
    # Subtest: VRM-Changing recalculates payment using original amortization
    ok 3 - VRM-Changing recalculates payment using original amortization
      ---
      duration_ms: 0.7568
      ...
    1..3
ok 26 - Term Renewal Amortization Reset
  ---
  duration_ms: 6.3895
  type: 'suite'
  ...
# Subtest: Trigger Rate Calculation
    # Subtest: calculateTriggerRate - Reverse Calculation Verification
        # Subtest: verifies reverse calculation for monthly payments
        ok 1 - verifies reverse calculation for monthly payments
          ---
          duration_ms: 0.8904
          ...
        # Subtest: verifies reverse calculation for biweekly payments
        ok 2 - verifies reverse calculation for biweekly payments
          ---
          duration_ms: 0.2654
          ...
        # Subtest: verifies reverse calculation for accelerated-biweekly payments
        ok 3 - verifies reverse calculation for accelerated-biweekly payments
          ---
          duration_ms: 0.1456
          ...
        # Subtest: verifies reverse calculation for weekly payments
        ok 4 - verifies reverse calculation for weekly payments
          ---
          duration_ms: 0.1189
          ...
        # Subtest: verifies reverse calculation for semi-monthly payments
        ok 5 - verifies reverse calculation for semi-monthly payments
          ---
          duration_ms: 0.1534
          ...
        # Subtest: verifies reverse calculation with different balance amounts
        ok 6 - verifies reverse calculation with different balance amounts
          ---
          duration_ms: 0.2593
          ...
        # Subtest: verifies reverse calculation with high payment-to-balance ratio
        ok 7 - verifies reverse calculation with high payment-to-balance ratio
          ---
          duration_ms: 0.1896
          ...
        # Subtest: verifies reverse calculation with low payment-to-balance ratio
        ok 8 - verifies reverse calculation with low payment-to-balance ratio
          ---
          duration_ms: 0.1056
          ...
        1..8
    ok 1 - calculateTriggerRate - Reverse Calculation Verification
      ---
      duration_ms: 3.2342
      type: 'suite'
      ...
    # Subtest: calculateTriggerRate - Mathematical Properties
        # Subtest: returns higher trigger rate for higher payment amounts
        ok 1 - returns higher trigger rate for higher payment amounts
          ---
          duration_ms: 0.2198
          ...
        # Subtest: returns lower trigger rate for higher balance amounts
        ok 2 - returns lower trigger rate for higher balance amounts
          ---
          duration_ms: 0.4371
          ...
        # Subtest: returns positive trigger rate for valid inputs
        ok 3 - returns positive trigger rate for valid inputs
          ---
          duration_ms: 0.1634
          ...
        # Subtest: handles edge case where payment equals balance
        ok 4 - handles edge case where payment equals balance
          ---
          duration_ms: 0.0853
          ...
        1..4
    ok 2 - calculateTriggerRate - Mathematical Properties
      ---
      duration_ms: 1.1513
      type: 'suite'
      ...
    # Subtest: isTriggerRateHit - Integration with calculateTriggerRate
        # Subtest: correctly identifies when trigger rate is hit
        ok 1 - correctly identifies when trigger rate is hit
          ---
          duration_ms: 0.1442
          ...
        # Subtest: correctly identifies trigger rate for different frequencies
        ok 2 - correctly identifies trigger rate for different frequencies
          ---
          duration_ms: 0.1064
          ...
        # Subtest: handles VRM-Fixed Payment scenario correctly
        ok 3 - handles VRM-Fixed Payment scenario correctly
          ---
          duration_ms: 0.0722
          ...
        1..3
    ok 3 - isTriggerRateHit - Integration with calculateTriggerRate
      ---
      duration_ms: 0.446
      type: 'suite'
      ...
    # Subtest: Real-World Scenarios
        # Subtest: verifies trigger rate calculation for typical Canadian mortgage
        ok 1 - verifies trigger rate calculation for typical Canadian mortgage
          ---
          duration_ms: 0.1424
          ...
        # Subtest: verifies trigger rate for high-balance mortgage
        ok 2 - verifies trigger rate for high-balance mortgage
          ---
          duration_ms: 0.0674
          ...
        # Subtest: verifies trigger rate calculation consistency across multiple calculations
        ok 3 - verifies trigger rate calculation consistency across multiple calculations
          ---
          duration_ms: 0.0982
          ...
        1..3
    ok 4 - Real-World Scenarios
      ---
      duration_ms: 0.4742
      type: 'suite'
      ...
    1..4
ok 27 - Trigger Rate Calculation
  ---
  duration_ms: 6.0067
  type: 'suite'
  ...
# Subtest: Business Day Utilities
    # Subtest: isWeekend
        # Subtest: identifies Saturday as weekend
        ok 1 - identifies Saturday as weekend
          ---
          duration_ms: 1.7754
          ...
        # Subtest: identifies Sunday as weekend
        ok 2 - identifies Sunday as weekend
          ---
          duration_ms: 0.1377
          ...
        # Subtest: identifies weekdays as not weekend
        ok 3 - identifies weekdays as not weekend
          ---
          duration_ms: 0.105
          ...
        1..3
    ok 1 - isWeekend
      ---
      duration_ms: 2.9454
      type: 'suite'
      ...
    # Subtest: isCanadianHoliday
        # Subtest: identifies New Year's Day
        ok 1 - identifies New Year's Day
          ---
          duration_ms: 0.3903
          ...
        # Subtest: identifies Canada Day
        ok 2 - identifies Canada Day
          ---
          duration_ms: 0.5823
          ...
        # Subtest: identifies Christmas
        ok 3 - identifies Christmas
          ---
          duration_ms: 0.3154
          ...
        # Subtest: identifies Boxing Day
        ok 4 - identifies Boxing Day
          ---
          duration_ms: 0.148
          ...
        # Subtest: identifies Remembrance Day
        ok 5 - identifies Remembrance Day
          ---
          duration_ms: 0.3485
          ...
        # Subtest: identifies Labour Day (1st Monday in September)
        ok 6 - identifies Labour Day (1st Monday in September)
          ---
          duration_ms: 0.1914
          ...
        # Subtest: identifies Thanksgiving (2nd Monday in October)
        ok 7 - identifies Thanksgiving (2nd Monday in October)
          ---
          duration_ms: 0.3004
          ...
        # Subtest: identifies Victoria Day (Monday before May 25)
        ok 8 - identifies Victoria Day (Monday before May 25)
          ---
          duration_ms: 0.1594
          ...
        # Subtest: identifies regular weekdays as not holidays
        ok 9 - identifies regular weekdays as not holidays
          ---
          duration_ms: 0.14
          ...
        1..9
    ok 2 - isCanadianHoliday
      ---
      duration_ms: 3.1643
      type: 'suite'
      ...
    # Subtest: isBusinessDay
        # Subtest: identifies regular weekdays as business days
        ok 1 - identifies regular weekdays as business days
          ---
          duration_ms: 0.3937
          ...
        # Subtest: identifies weekends as not business days
        ok 2 - identifies weekends as not business days
          ---
          duration_ms: 0.0967
          ...
        # Subtest: identifies holidays as not business days
        ok 3 - identifies holidays as not business days
          ---
          duration_ms: 0.0587
          ...
        1..3
    ok 3 - isBusinessDay
      ---
      duration_ms: 0.6794
      type: 'suite'
      ...
    # Subtest: adjustToBusinessDay
        # Subtest: adjusts Saturday to next Monday
        ok 1 - adjusts Saturday to next Monday
          ---
          duration_ms: 0.1754
          ...
        # Subtest: adjusts Sunday to next Monday
        ok 2 - adjusts Sunday to next Monday
          ---
          duration_ms: 0.0737
          ...
        # Subtest: adjusts holiday to next business day
        ok 3 - adjusts holiday to next business day
          ---
          duration_ms: 0.1174
          ...
        # Subtest: keeps business days unchanged
        ok 4 - keeps business days unchanged
          ---
          duration_ms: 0.1025
          ...
        # Subtest: handles consecutive non-business days
        ok 5 - handles consecutive non-business days
          ---
          duration_ms: 0.0627
          ...
        1..5
    ok 4 - adjustToBusinessDay
      ---
      duration_ms: 0.6547
      type: 'suite'
      ...
    # Subtest: daysBetween
        # Subtest: calculates days between two dates
        ok 1 - calculates days between two dates
          ---
          duration_ms: 0.0998
          ...
        # Subtest: handles same day
        ok 2 - handles same day
          ---
          duration_ms: 0.0561
          ...
        # Subtest: handles reverse order (negative days)
        ok 3 - handles reverse order (negative days)
          ---
          duration_ms: 0.0533
          ...
        1..3
    ok 5 - daysBetween
      ---
      duration_ms: 0.2932
      type: 'suite'
      ...
    # Subtest: Real-World Scenarios
        # Subtest: handles payment on Saturday
        ok 1 - handles payment on Saturday
          ---
          duration_ms: 0.0959
          ...
        # Subtest: handles payment on holiday
        ok 2 - handles payment on holiday
          ---
          duration_ms: 0.0606
          ...
        # Subtest: handles payment on weekend before holiday
        ok 3 - handles payment on weekend before holiday
          ---
          duration_ms: 0.05
          ...
        1..3
    ok 6 - Real-World Scenarios
      ---
      duration_ms: 0.2807
      type: 'suite'
      ...
    1..6
ok 28 - Business Day Utilities
  ---
  duration_ms: 8.697
  type: 'suite'
  ...
1..28
# tests 196
# suites 65
# pass 182
# fail 12
# cancelled 0
# skipped 2
# todo 0
# duration_ms 903.3926
