
> rest-express@1.0.0 check
> tsc

client/src/features/analytics/analytics-dashboard.tsx(12,32): error TS2307: Cannot find module '@/shared/utils/format' or its corresponding type declarations.
client/src/features/analytics/components/probability-chart.tsx(12,32): error TS2307: Cannot find module '@/shared/utils/format' or its corresponding type declarations.
server/src/application/services/health-score.service.ts(35,49): error TS2339: Property 'originalPrincipal' does not exist on type '{ id: string; createdAt: Date; updatedAt: Date; userId: string; propertyPrice: string; downPayment: string; originalAmount: string; currentBalance: string; startDate: string; amortizationYears: number; amortizationMonths: number; paymentFrequency: string; annualPrepaymentLimitPercent: number; }'.
server/src/application/services/health-score.service.ts(69,53): error TS2339: Property 'getBestRate' does not exist on type 'MarketRateService'.
server/src/application/services/simulation.service.ts(43,20): error TS2339: Property 'type' does not exist on type '{ id: string; createdAt: Date; startDate: string; paymentFrequency: string; mortgageId: string; termType: string; endDate: string; termYears: number; fixedRate: string | null; lockedSpread: string | null; primeRate: string | null; regularPaymentAmount: string; }'.
server/src/application/services/simulation.service.ts(52,20): error TS2339: Property 'type' does not exist on type '{ id: string; createdAt: Date; startDate: string; paymentFrequency: string; mortgageId: string; termType: string; endDate: string; termYears: number; fixedRate: string | null; lockedSpread: string | null; primeRate: string | null; regularPaymentAmount: string; }'.
server/src/application/services/simulation.service.ts(52,51): error TS2339: Property 'interestRate' does not exist on type '{ id: string; createdAt: Date; startDate: string; paymentFrequency: string; mortgageId: string; termType: string; endDate: string; termYears: number; fixedRate: string | null; lockedSpread: string | null; primeRate: string | null; regularPaymentAmount: string; }'.
server/src/application/services/simulation.service.ts(54,43): error TS2339: Property 'interestRate' does not exist on type '{ id: string; createdAt: Date; startDate: string; paymentFrequency: string; mortgageId: string; termType: string; endDate: string; termYears: number; fixedRate: string | null; lockedSpread: string | null; primeRate: string | null; regularPaymentAmount: string; }'.
